exports[`Event 1. renders with props 1`] = `
<div>
  <p>
    This is an event
  </p>
</div>
`;

exports[`Event 2. pulls the route and snapshots it 1`] = `
Array [
  Object {
    "component": [Function],
    "path": "events/:id",
  },
]
`;
